[2026-07-20 08:05:52] run_dir=20260720_080516 pid=1045701 completed_stages=['metadata', 'signal_discovery']
end_time=None
error=None
[2026-07-20 08:10:52] run_dir=20260720_080516 pid=1045701 completed_stages=['metadata', 'signal_discovery', 'timestamp_analysis', 'session_detection']
end_time=None
error=None
[2026-07-20 08:15:52] run_dir=20260720_080516 pid=1045701 completed_stages=['metadata', 'signal_discovery', 'timestamp_analysis', 'session_detection']
end_time=None
error=None
[2026-07-20 08:20:52] run_dir=20260720_080516 pid=1045701 completed_stages=['metadata', 'signal_discovery', 'timestamp_analysis', 'session_detection']
end_time=None
error=None
[2026-07-20 08:25:52] run_dir=20260720_080516 pid=1045701 completed_stages=['metadata', 'signal_discovery', 'timestamp_analysis', 'session_detection', 'cycle_detection']
end_time=None
error=None
[2026-07-20 08:30:52] run_dir=20260720_080516 pid=1045701 completed_stages=['metadata', 'signal_discovery', 'timestamp_analysis', 'session_detection', 'cycle_detection']
end_time=None
error=None
[2026-07-20 08:35:52] run_dir=20260720_080516 pid=1045701 completed_stages=['metadata', 'signal_discovery', 'timestamp_analysis', 'session_detection', 'cycle_detection']
end_time=None
error=None
[2026-07-20 08:40:52] run_dir=20260720_080516 pid=1045701 completed_stages=['metadata', 'signal_discovery', 'timestamp_analysis', 'session_detection', 'cycle_detection']
end_time=None
error=None
